Reading FAISS index from /Users/jiachenzhao/.cache/huggingface/hub/models--royrin--wiki-rag/snapshots/3199839664cfd6ef5c66c77e6a0d19201c61945b/faiss_index__top_10000000__2025-04-11/index.faiss...
  ntotal=1,120,486 d=768
Corpus: 1,120,486 vectors, dim 768

  Query set: mode=holdout n_test=1000 db=1,119,486 metric=holdout_recall@10
    exact ground truth for 1000 queries in 16.27s

######################################################################
# BASELINE  nlist=69968 nprobe=1707 (variable cluster sizes)
######################################################################
  reusing existing clustering in cluster_size_sweep_10M/baseline
    p=1707  holdout_recall@10=0.9915  latency=43.67 ms (numpy)

  BASELINE holdout_recall@10 = 0.9915
  candidates scanned: mean 42,236, min 34,593 / median 42,192 / max 50,944 (3.77% of DB, variable per query)
  cluster sizes: min=1 max=183 mean=16.00
  target recall for the constant-size runs: 0.9915

######################################################################
# CONSTANT SIZE  n=128
######################################################################
  reusing existing clustering in cluster_size_sweep_10M/n128
    searching for the smallest p reaching recall 0.9915
      p=1     recall=0.3939
      p=2     recall=0.5118
      p=4     recall=0.6194
      p=8     recall=0.7144
      p=16    recall=0.7984
      p=32    recall=0.8588
      p=64    recall=0.9045
      p=128   recall=0.9385
      p=256   recall=0.9627
      p=512   recall=0.9821
      p=1024  recall=0.9911
      p=2048  recall=0.9959
      p=1536  recall=0.9945
      p=1280  recall=0.9931
      p=1152  recall=0.9923
      p=1088  recall=0.9917
      p=1056  recall=0.9916
      p=1040  recall=0.9912
      p=1048  recall=0.9912
      p=1052  recall=0.9912
      p=1054  recall=0.9914
      p=1055  recall=0.9915
    n=128: p=1055 -> 135,040 candidates (12.06% of DB), recall 0.9915

######################################################################
# CONSTANT SIZE  n=256
######################################################################
Using CPU (use --use-gpu for faster training on large datasets)

======================================================================
Training IVF-FLAT index
  sizing: constant-size  nlist=4,373  cluster_size=256
======================================================================

Training IVF-flat index...
  Vectors: 1,119,486
  Dimension: 768
  Clusters (K): 4373
  n_probe: 10
  k-means iterations: 20
  Using GPU: False

Training k-means clustering...
Training completed in 188.04s

Skipping index.add(): assignment is computed externally (constant-size mode)

======================================================================
Capacity-Constrained Assignment
======================================================================

  Assigning 1,119,486 vectors to 4,373 clusters of size 256
    strategy=balanced top_m=32
    candidate search: 10.22s
    price balancing: overflow 191,840 -> 50,621 over 200 iterations
    34,204 vectors had their whole top-m full; exact tail fill
    WARNING: 34,204 vectors (3.1%) were placed outside their top-32 candidates. Consider raising --assign-topm; retrievability@p is only valid up to top_m.
    assignment: 22.12s
  Computing certified dual lower bound (one full pass over all centroids)...
    dual bound 220730.9329 in 14.12s

======================================================================
Exporting Centroids and Lists
======================================================================

Exporting centroids and lists to cluster_size_sweep_10M/n256...
  Extracting 4373 centroids...
  Extracted 4373 centroids of dimension 768
  Saved centroids to cluster_size_sweep_10M/n256/centroids.npy
  Saved slot array (4373, 256) to cluster_size_sweep_10M/n256/cluster_slots.npy
  Every cluster holds exactly 256 slots (1,119,486 real + 2 padded)
  Saved padded lists.json to cluster_size_sweep_10M/n256/lists.json
  Saved holdout DB id mapping to cluster_size_sweep_10M/n256/db_ids.npy
  Saved metadata to cluster_size_sweep_10M/n256/ivf_metadata.json
  Saved balance report to cluster_size_sweep_10M/n256/cluster_balance.txt

======================================================================
Summary
======================================================================
Index type: ivf-flat
Sizing mode: constant-size
Clusters (nlist): 4,373
Cluster size (n): 256
Padded slots: 2
Balance penalty ratio: 1.036022
Vectors: 1,119,486
Dimension: 768
Output: cluster_size_sweep_10M/n256
======================================================================
    searching for the smallest p reaching recall 0.9915
      p=1     recall=0.4249
      p=2     recall=0.5505
      p=4     recall=0.6629
      p=8     recall=0.7579
      p=16    recall=0.8360
      p=32    recall=0.8921
      p=64    recall=0.9335
      p=128   recall=0.9634
      p=256   recall=0.9814
      p=512   recall=0.9911
      p=1024  recall=0.9965
      p=768   recall=0.9948
      p=640   recall=0.9938
      p=576   recall=0.9922
      p=544   recall=0.9914
      p=560   recall=0.9919
      p=552   recall=0.9917
      p=548   recall=0.9915
      p=546   recall=0.9915
      p=545   recall=0.9914
    n=256: p=546 -> 139,776 candidates (12.49% of DB), recall 0.9915

======================================================================
SWEEP RESULT
======================================================================
Baseline: nlist=69968 p=1707 -> 42,236 candidates, holdout_recall@10=0.9915
                  x     p  centroid     cand    TOTAL  vs base  penalty
  baseline    69968  1707    69,968   42,236  112,204    1.00x   1.0000
  n=128        8746  1055     8,746  135,040  143,786    1.28x   1.0524
  n=256        4373   546     4,373  139,776  144,149    1.28x   1.0360

Best by total distance evaluations: n=128 at p=1055 -- 143,786 vs 112,204 baseline (1.28x), with a static 128-slot circuit shape.
  Its candidate stage alone is 3.20x baseline; the centroid stage is 8.0x cheaper, which is what pays for it.
Artifacts in cluster_size_sweep_10M
